==11818== Memcheck, a memory error detector
==11818== Copyright (C) 2002-2010, and GNU GPL'd, by Julian Seward et al.
==11818== Using Valgrind-3.6.1 and LibVEX; rerun with -h for copyright info
==11818== Command: ./TestGraph.c++.app
==11818== 
TestGraph.c++
................


OK (16 tests)


Done.
==11818== 
==11818== HEAP SUMMARY:
==11818==     in use at exit: 122,880 bytes in 6 blocks
==11818==   total heap usage: 1,280 allocs, 1,274 frees, 248,001 bytes allocated
==11818== 
==11818== LEAK SUMMARY:
==11818==    definitely lost: 0 bytes in 0 blocks
==11818==    indirectly lost: 0 bytes in 0 blocks
==11818==      possibly lost: 0 bytes in 0 blocks
==11818==    still reachable: 122,880 bytes in 6 blocks
==11818==         suppressed: 0 bytes in 0 blocks
==11818== Rerun with --leak-check=full to see details of leaked memory
==11818== 
==11818== For counts of detected and suppressed errors, rerun with: -v
==11818== ERROR SUMMARY: 0 errors from 0 contexts (suppressed: 6 from 6)
